C51 COMPILER V9.00   MODELE_ROBOT                                                          03/01/2021 14:29:47 PAGE 1   


C51 COMPILER V9.00, COMPILATION OF MODULE MODELE_ROBOT
OBJECT MODULE PLACED IN modele_robot.OBJ
COMPILER INVOKED BY: C:\applis\keil4\C51\BIN\C51.EXE modele_robot.c BROWSE DEBUG OBJECTEXTEND CODE

line level    source

   1          
   2          #include <stdio.h>
   3          #include <stdlib.h>
   4          #include <string.h>
   5          
   6          #include <robot_keil_2009.h>
   7          
   8          
   9          
  10          void main(void)
  11          {
  12   1      
  13   1      //    test_bit(xy);
  14   1          init_temps_reel(0x256);
  15   1          init_console_defaut(0xff);
  16   1              if (kbhit())
  17   1              _getkey();
  18   1          printf("test sortie console serie\n\r");
  19   1          choix_console_sortie(0x02);   // selectionne le lcd pour la sortie
  20   1          printf("test sortie lcd");
  21   1      
  22   1      
  23   1         do
  24   1         {
  25   2         }
  26   1        while (1);
  27   1      }
C51 COMPILER V9.00   MODELE_ROBOT                                                          03/01/2021 14:29:47 PAGE 2   

ASSEMBLY LISTING OF GENERATED OBJECT CODE


             ; FUNCTION main (BEGIN)
                                           ; SOURCE LINE # 10
                                           ; SOURCE LINE # 11
                                           ; SOURCE LINE # 14
0000 7F56              MOV     R7,#056H
0002 7E02              MOV     R6,#02H
0004 120000      E     LCALL   _init_temps_reel
                                           ; SOURCE LINE # 15
0007 7FFF              MOV     R7,#0FFH
0009 120000      E     LCALL   _init_console_defaut
                                           ; SOURCE LINE # 16
000C 120000      E     LCALL   kbhit
000F 5003              JNC     ?C0001
                                           ; SOURCE LINE # 17
0011 120000      E     LCALL   _getkey
0014         ?C0001:
                                           ; SOURCE LINE # 18
0014 7BFF              MOV     R3,#0FFH
0016 7A00        R     MOV     R2,#HIGH ?SC_0
0018 7900        R     MOV     R1,#LOW ?SC_0
001A 120000      E     LCALL   _printf
                                           ; SOURCE LINE # 19
001D 7F02              MOV     R7,#02H
001F 120000      E     LCALL   _choix_console_sortie
                                           ; SOURCE LINE # 20
0022 7BFF              MOV     R3,#0FFH
0024 7A00        R     MOV     R2,#HIGH ?SC_28
0026 7900        R     MOV     R1,#LOW ?SC_28
0028 120000      E     LCALL   _printf
                                           ; SOURCE LINE # 24
                                           ; SOURCE LINE # 25
002B         ?C0002:
                                           ; SOURCE LINE # 26
002B 80FE              SJMP    ?C0002
             ; FUNCTION main (END)



MODULE INFORMATION:   STATIC OVERLAYABLE
   CODE SIZE        =     45    ----
   CONSTANT SIZE    =     44    ----
   XDATA SIZE       =   ----    ----
   PDATA SIZE       =   ----    ----
   DATA SIZE        =   ----    ----
   IDATA SIZE       =   ----    ----
   BIT SIZE         =   ----    ----
END OF MODULE INFORMATION.


C51 COMPILATION COMPLETE.  0 WARNING(S),  0 ERROR(S)
